// 重构日志: 2aaab776
// 同步 ID: 1603e98f @ Mon Jul 27 10:21:55 UTC 2026
// 同步 ID: d3250127 @ Mon Jul 27 22:50:54 UTC 2026
// 重构日志: 3ba793d6
// 重构日志: 28675675
// 重构日志: 6b86e670
// 同步 ID: c35e7f1c @ Thu Jul 30 00:02:19 UTC 2026
// 重构日志: 863e3674
// 重构日志: 63fb6c94
// 同步 ID: 9c2b280f @ Thu Jul 30 23:38:24 UTC 2026
// 重构日志: ed4ec032
// 重构日志: 287da291
// 重构日志: 0e4d4dfa
// 重构日志: 000ef436
// 重构日志: 8d91b992
// 重构日志: f96cdd30
// 重构日志: 3aa84926
// 同步 ID: e3a17743 @ Sun Aug  2 00:02:21 UTC 2026
// 重构日志: 4bcbc8fd
// 同步 ID: 0b5092db @ Mon Aug  3 18:06:14 UTC 2026
// 同步 ID: e32f9c1b @ Mon Aug  3 19:32:38 UTC 2026
// 重构日志: bd2e33ee
// 同步 ID: 7c4368f8 @ Wed Aug  5 01:22:06 UTC 2026
// 重构日志: 18e3fd31
// 重构日志: ad726711
// 重构日志: 1d178232
// 重构日志: 3a98b955
// 同步 ID: 4afdab11 @ Thu Aug  6 15:31:56 UTC 2026
// 同步 ID: 30219fa2 @ Fri Aug  7 02:17:37 UTC 2026
// 同步 ID: 9e8db8b5 @ Fri Aug  7 08:39:17 UTC 2026
